ln /var/run/mysqld/mysqld.sock /tmp/mysql.sock
